// Jest Snapshot v1, https://goo.gl/fbAQLP

exports[`shallow  1`] = `ShallowWrapper {}`;
