// Jest Snapshot v1, https://goo.gl/fbAQLP

exports[`shallow render  1`] = `ShallowWrapper {}`;
