// Jest Snapshot v1, https://goo.gl/fbAQLP

exports[`mount render App  1`] = `ReactWrapper {}`;

exports[`shallow render App  1`] = `ShallowWrapper {}`;
